# Rock5B partition layout aligned with HAOS standards
label: gpt
label-id: 614E0000-0000-4B53-8000-1D28000054E9
device: /dev/mmcblk1
unit: sectors
first-lba: 64

# SPL分区 - 用于启动加载
/dev/mmcblk1p1 : start=        64, size=    131072, type=C12A7328-F81F-11D2-BA4B-00A0C93EC93B, uuid=5A000000-0000-4B53-8000-1D28000054E9, name="spl"

# Boot分区 - 包含U-Boot和配置
/dev/mmcblk1p2 : start=    131136, size=   1048576, type=2E54B353-1271-4842-806F-E436D6AF6985, uuid=5B000000-0000-4B53-8000-1D28000054E9, name="boot"

# Kernel A分区
/dev/mmcblk1p3 : start=   1179712, size=   1048576, type=3B8F8425-20E0-4F3B-907F-1A25A76F98E8, uuid=5C000000-0000-4B53-8000-1D28000054E9, name="kernel_a"

# RootFS A分区
/dev/mmcblk1p4 : start=   2228288, size=  16777216, type=3B8F8425-20E0-4F3B-907F-1A25A76F98E8, uuid=5D000000-0000-4B53-8000-1D28000054E9, name="rootfs_a"

# Kernel B分区
/dev/mmcblk1p5 : start=  19005504, size=   1048576, type=3B8F8425-20E0-4F3B-907F-1A25A76F98E8, uuid=5E000000-0000-4B53-8000-1D28000054E9, name="kernel_b"

# RootFS B分区
/dev/mmcblk1p6 : start=  20054080, size=  16777216, type=3B8F8425-20E0-4F3B-907F-1A25A76F98E8, uuid=5F000000-0000-4B53-8000-1D28000054E9, name="rootfs_b"

# Misc分区 - OTA更新和系统状态
/dev/mmcblk1p7 : start=  36831296, size=     65536, type=8DA63339-0007-60C0-C436-083AC8230908, uuid=61000000-0000-4B53-8000-1D28000054E9, name="misc"

# Data分区 - 持久化数据存储(使用剩余所有空间)
/dev/mmcblk1p8 : start=  36896832, size=  0, type=0FC63DAF-8483-4772-8E79-3D69D8477DE4, uuid=60000000-0000-4B53-8000-1D28000054E9, name="data", growpart